// Jest Snapshot v1, https://goo.gl/fbAQLP

exports[`Footer matches footer snapshot 1`] = `
<div
  className="footer"
  data-testid="footer"
>
  <span
    className="MuiTypography-root MuiTypography-caption copyright-text  css-11idbvn-MuiTypography-root"
  >
    Copyright Â©2023
  </span>
</div>
`;
