// Jest Snapshot v1, https://goo.gl/fbAQLP

exports[`Button matches seperator snapshot 1`] = `
<div
  className="seperator"
  data-testid="seperator"
/>
`;

exports[`matches seperator snapshot 1`] = `
<div
  className="seperator"
  data-testid="seperator"
/>
`;
